BL51 BANKED LINKER/LOCATER V6.22                                                        02/23/2023  05:55:50  PAGE 1


BL51 BANKED LINKER/LOCATER V6.22, INVOKED BY:
D:\KEIL5\C51\BIN\BL51.EXE .\Objects\ds1302.obj, .\Objects\iic.obj, .\Objects\main.obj, .\Objects\onewire.obj TO .\Object
>> s\test PRINT (.\Listings\test.m51) RAMSIZE (256)


MEMORY MODEL: SMALL WITH FLOATING POINT ARITHMETIC


INPUT MODULES INCLUDED:
  .\Objects\ds1302.obj (DS1302)
  .\Objects\iic.obj (IIC)
  .\Objects\main.obj (MAIN)
  .\Objects\onewire.obj (ONEWIRE)
  D:\KEIL5\C51\LIB\C51FPS.LIB (?C?FPMUL)
  D:\KEIL5\C51\LIB\C51FPS.LIB (?C?FPDIV)
  D:\KEIL5\C51\LIB\C51FPS.LIB (?C?FCAST)
  D:\KEIL5\C51\LIB\C51FPS.LIB (?C?CASTF)
  D:\KEIL5\C51\LIB\C51FPS.LIB (PRINTF)
  D:\KEIL5\C51\LIB\C51FPS.LIB (?C?FPGETOPN)
  D:\KEIL5\C51\LIB\C51FPS.LIB (?C?FPROUND)
  D:\KEIL5\C51\LIB\C51FPS.LIB (?C?FPCONVERT)
  D:\KEIL5\C51\LIB\C51FPS.LIB (?C?FPADD)
  D:\KEIL5\C51\LIB\C51FPS.LIB (?C?FTNPWR)
  D:\KEIL5\C51\LIB\C51S.LIB (?C_STARTUP)
  D:\KEIL5\C51\LIB\C51S.LIB (?C?CLDPTR)
  D:\KEIL5\C51\LIB\C51S.LIB (?C?CLDOPTR)
  D:\KEIL5\C51\LIB\C51S.LIB (?C?CSTPTR)
  D:\KEIL5\C51\LIB\C51S.LIB (?C?UIDIV)
  D:\KEIL5\C51\LIB\C51S.LIB (?C?SIDIV)
  D:\KEIL5\C51\LIB\C51S.LIB (?C?LNEG)
  D:\KEIL5\C51\LIB\C51S.LIB (?C?PLDIIDATA)
  D:\KEIL5\C51\LIB\C51S.LIB (?C?CCASE)
  D:\KEIL5\C51\LIB\C51S.LIB (?C_INIT)


LINK MAP OF MODULE:  .\Objects\test (DS1302)


            TYPE    BASE      LENGTH    RELOCATION   SEGMENT NAME
            -----------------------------------------------------

            * * * * * * *   D A T A   M E M O R Y   * * * * * * *
            REG     0000H     0008H     ABSOLUTE     "REG BANK 0"
                    0008H     0018H                  *** GAP ***
            BIT     0020H.0   0001H.3   UNIT         ?BI?MAIN
            BIT     0021H.3   0001H.1   UNIT         _BIT_GROUP_
            BIT     0022H.4   0000H.1   UNIT         ?BI?IIC_SENDACK?IIC
                    0022H.5   0000H.3                *** GAP ***
            DATA    0023H     0027H     UNIT         ?DT?MAIN
            DATA    004AH     001CH     UNIT         _DATA_GROUP_
            IDATA   0066H     0001H     UNIT         ?STACK

            * * * * * * *   C O D E   M E M O R Y   * * * * * * *
            CODE    0000H     0003H     ABSOLUTE     
            CODE    0003H     0059H     UNIT         ?PR?_DISPLAY_RAW_ADC?MAIN
            CODE    005CH     0006H     UNIT         ?C_INITSEG
            CODE    0062H     0001H     UNIT         ?PR?KEY_TASK?MAIN
            CODE    0063H     0003H     ABSOLUTE     
BL51 BANKED LINKER/LOCATER V6.22                                                      02/23/2023  05:55:50  PAGE 2


            CODE    0066H     0626H     UNIT         ?C?LIB_CODE
            CODE    068CH     046FH     UNIT         ?PR?PRINTF?PRINTF
            CODE    0AFBH     011CH     UNIT         ?PR?READ_KEY?MAIN
            CODE    0C17H     011CH     UNIT         ?PR?SERVER?MAIN
            CODE    0D33H     0116H     UNIT         ?PR?TASK8_LOOP?MAIN
            CODE    0E49H     00C0H     UNIT         ?PR?DISPLAY_FREQUENCE?MAIN
            CODE    0F09H     00A4H     UNIT         ?PR?MAIN?MAIN
            CODE    0FADH     009AH     UNIT         ?PR?DISPLAY_KEY?MAIN
            CODE    1047H     0096H     UNIT         ?PR?TASK6_LOOP?MAIN
            CODE    10DDH     008CH     UNIT         ?C_C51STARTUP
            CODE    1169H     0079H     UNIT         ?PR?_DISPLAY_VOLTAGE?MAIN
            CODE    11E2H     0069H     UNIT         ?PR?DISPLAY_TEMP?MAIN
            CODE    124BH     0051H     UNIT         ?PR?CEJU?MAIN
            CODE    129CH     0051H     UNIT         ?PR?READ_TEMP?ONEWIRE
            CODE    12EDH     0048H     UNIT         ?PR?DISPLAY_DISTANCE?MAIN
            CODE    1335H     0046H     UNIT         ?PR?DISPLAY_DS1302?MAIN
            CODE    137BH     0041H     UNIT         ?PR?BASIC?MAIN
            CODE    13BCH     003FH     UNIT         ?CO?MAIN
            CODE    13FBH     0034H     UNIT         ?PR?_READ_DS1302_BYTE?DS1302
            CODE    142FH     0033H     UNIT         ?PR?_DISPLAY_24C02?MAIN
            CODE    1462H     002FH     UNIT         ?PR?FREQUENCE?MAIN
            CODE    1491H     002EH     UNIT         ?PR?_READ_24C02?IIC
            CODE    14BFH     002CH     UNIT         ?PR?_IIC_SENDBYTE?IIC
            CODE    14EBH     0029H     UNIT         ?PR?_CONFIG_DS1302?MAIN
            CODE    1514H     0027H     UNIT         ?PR?INIT_DS18B20?ONEWIRE
            CODE    153BH     0024H     UNIT         ?PR?_ADC?IIC
            CODE    155FH     0022H     UNIT         ?PR?_WRITE_24C02?IIC
            CODE    1581H     001FH     UNIT         ?PR?_SMG?MAIN
            CODE    15A0H     001EH     UNIT         ?PR?_WRITE_DS18B20?ONEWIRE
            CODE    15BEH     001DH     UNIT         ?PR?IIC_RECBYTE?IIC
            CODE    15DBH     001BH     UNIT         ?PR?IIC_WAITACK?IIC
            CODE    15F6H     001AH     UNIT         ?PR?_DELAY_ONEWIRE?ONEWIRE
            CODE    1610H     001AH     UNIT         ?PR?READ_DS18B20?ONEWIRE
            CODE    162AH     0019H     UNIT         ?PR?TASK_CONTROL_CENTER?MAIN
            CODE    1643H     0017H     UNIT         ?PR?IIC_SENDACK?IIC
            CODE    165AH     0017H     UNIT         ?PR?UARTINIT?MAIN
            CODE    1671H     0017H     UNIT         ?PR?TASK3_LOOP?MAIN
            CODE    1688H     0016H     UNIT         ?PR?_DAC?IIC
            CODE    169EH     0016H     UNIT         ?PR?TASK7_LOOP?MAIN
            CODE    16B4H     0016H     UNIT         ?PR?TASK9_LOOP?MAIN
            CODE    16CAH     0014H     UNIT         ?PR?_WRITE_DS1302_BYTE?DS1302
            CODE    16DEH     0014H     UNIT         ?PR?TASK1_LOOP?MAIN
            CODE    16F2H     0014H     UNIT         ?PR?TASK2_LOOP?MAIN
            CODE    1706H     0014H     UNIT         ?PR?TASK5_LOOP?MAIN
            CODE    171AH     0013H     UNIT         ?PR?_WRITE_DS1302?DS1302
            CODE    172DH     0012H     UNIT         ?PR?TIMER2INIT?MAIN
            CODE    173FH     0011H     UNIT         ?PR?CEJUINIT?MAIN
            CODE    1750H     0011H     UNIT         ?PR?FREQUENCEINIT?MAIN
            CODE    1761H     000FH     UNIT         ?PR?IIC_START?IIC
            CODE    1770H     000EH     UNIT         ?PR?_IIC_DELAY?IIC
            CODE    177EH     000CH     UNIT         ?PR?IIC_STOP?IIC
            CODE    178AH     000AH     UNIT         ?PR?TASK9_INIT?MAIN
            CODE    1794H     0009H     UNIT         ?PR?DELAY4MS?MAIN
            CODE    179DH     0009H     UNIT         ?PR?TASK1_INIT?MAIN
            CODE    17A6H     0009H     UNIT         ?PR?TASK4_INIT?MAIN
            CODE    17AFH     0008H     UNIT         ?PR?_PUTCHAR?MAIN
            CODE    17B7H     0003H     UNIT         ?PR?TASK3_INIT?MAIN
BL51 BANKED LINKER/LOCATER V6.22                                                      02/23/2023  05:55:50  PAGE 3


            CODE    17BAH     0003H     UNIT         ?PR?TASK4_LOOP?MAIN
            CODE    17BDH     0003H     UNIT         ?PR?TASK6_INIT?MAIN



OVERLAY MAP OF MODULE:   .\Objects\test (DS1302)


SEGMENT                                  BIT_GROUP          DATA_GROUP 
  +--> CALLED SEGMENT                 START    LENGTH     START    LENGTH
-------------------------------------------------------------------------
?PR?SERVER?MAIN                       -----    -----      -----    -----
  +--> ?PR?_SMG?MAIN
  +--> ?PR?BASIC?MAIN
  +--> ?PR?TASK3_LOOP?MAIN

?PR?_SMG?MAIN                         -----    -----      -----    -----
  +--> ?CO?MAIN

?PR?TASK3_LOOP?MAIN                   -----    -----      -----    -----
  +--> ?PR?FREQUENCE?MAIN
  +--> ?PR?DISPLAY_FREQUENCE?MAIN

*** NEW ROOT ***************************************************

?C_C51STARTUP                         -----    -----      -----    -----
  +--> ?PR?MAIN?MAIN
  +--> ?C_INITSEG

?PR?MAIN?MAIN                         -----    -----      -----    -----
  +--> ?PR?TIMER2INIT?MAIN
  +--> ?PR?TASK1_INIT?MAIN
  +--> ?PR?TASK3_INIT?MAIN
  +--> ?PR?TASK4_INIT?MAIN
  +--> ?PR?TASK6_INIT?MAIN
  +--> ?PR?TASK9_INIT?MAIN
  +--> ?PR?TASK1_LOOP?MAIN
  +--> ?PR?TASK2_LOOP?MAIN
  +--> ?PR?TASK4_LOOP?MAIN
  +--> ?PR?TASK5_LOOP?MAIN
  +--> ?PR?TASK6_LOOP?MAIN
  +--> ?PR?TASK7_LOOP?MAIN
  +--> ?PR?TASK8_LOOP?MAIN
  +--> ?PR?TASK9_LOOP?MAIN
  +--> ?PR?TASK_CONTROL_CENTER?MAIN

?PR?TASK1_INIT?MAIN                   -----    -----      -----    -----
  +--> ?PR?_CONFIG_DS1302?MAIN

?PR?_CONFIG_DS1302?MAIN               -----    -----      004AH    0003H
  +--> ?PR?_WRITE_DS1302_BYTE?DS1302

?PR?_WRITE_DS1302_BYTE?DS1302         -----    -----      -----    -----
  +--> ?PR?_WRITE_DS1302?DS1302

?PR?TASK3_INIT?MAIN                   -----    -----      -----    -----
  +--> ?PR?FREQUENCEINIT?MAIN
BL51 BANKED LINKER/LOCATER V6.22                                                      02/23/2023  05:55:50  PAGE 4



?PR?TASK6_INIT?MAIN                   -----    -----      -----    -----
  +--> ?PR?UARTINIT?MAIN

?PR?TASK9_INIT?MAIN                   -----    -----      -----    -----
  +--> ?PR?_WRITE_24C02?IIC
  +--> ?PR?DELAY4MS?MAIN

?PR?_WRITE_24C02?IIC                  -----    -----      -----    -----
  +--> ?PR?IIC_START?IIC
  +--> ?PR?_IIC_SENDBYTE?IIC
  +--> ?PR?IIC_WAITACK?IIC
  +--> ?PR?IIC_STOP?IIC

?PR?IIC_START?IIC                     -----    -----      -----    -----
  +--> ?PR?_IIC_DELAY?IIC

?PR?_IIC_SENDBYTE?IIC                 -----    -----      -----    -----
  +--> ?PR?_IIC_DELAY?IIC

?PR?IIC_WAITACK?IIC                   0021H.3  0000H.1    -----    -----
  +--> ?PR?IIC_START?IIC
  +--> ?PR?_IIC_SENDBYTE?IIC
  +--> ?PR?_IIC_DELAY?IIC

?PR?IIC_STOP?IIC                      -----    -----      -----    -----
  +--> ?PR?_IIC_DELAY?IIC

?PR?TASK1_LOOP?MAIN                   -----    -----      -----    -----
  +--> ?PR?DISPLAY_DS1302?MAIN

?PR?DISPLAY_DS1302?MAIN               -----    -----      -----    -----
  +--> ?PR?_READ_DS1302_BYTE?DS1302

?PR?_READ_DS1302_BYTE?DS1302          -----    -----      -----    -----
  +--> ?PR?_WRITE_DS1302?DS1302

?PR?TASK2_LOOP?MAIN                   -----    -----      -----    -----
  +--> ?PR?DISPLAY_TEMP?MAIN

?PR?DISPLAY_TEMP?MAIN                 -----    -----      -----    -----
  +--> ?PR?READ_TEMP?ONEWIRE

?PR?READ_TEMP?ONEWIRE                 -----    -----      -----    -----
  +--> ?PR?INIT_DS18B20?ONEWIRE
  +--> ?PR?_WRITE_DS18B20?ONEWIRE
  +--> ?PR?_DELAY_ONEWIRE?ONEWIRE
  +--> ?PR?READ_DS18B20?ONEWIRE

?PR?INIT_DS18B20?ONEWIRE              0021H.3  0000H.1    -----    -----
  +--> ?PR?_DELAY_ONEWIRE?ONEWIRE

?PR?_WRITE_DS18B20?ONEWIRE            -----    -----      -----    -----
  +--> ?PR?_DELAY_ONEWIRE?ONEWIRE

?PR?READ_DS18B20?ONEWIRE              -----    -----      -----    -----
  +--> ?PR?_DELAY_ONEWIRE?ONEWIRE
BL51 BANKED LINKER/LOCATER V6.22                                                      02/23/2023  05:55:50  PAGE 5



?PR?TASK4_LOOP?MAIN                   -----    -----      -----    -----
  +--> ?PR?DISPLAY_KEY?MAIN

?PR?TASK5_LOOP?MAIN                   -----    -----      -----    -----
  +--> ?PR?DISPLAY_DISTANCE?MAIN

?PR?DISPLAY_DISTANCE?MAIN             -----    -----      -----    -----
  +--> ?PR?CEJU?MAIN

?PR?CEJU?MAIN                         -----    -----      -----    -----
  +--> ?PR?CEJUINIT?MAIN

?PR?TASK6_LOOP?MAIN                   -----    -----      -----    -----
  +--> ?PR?READ_TEMP?ONEWIRE
  +--> ?CO?MAIN
  +--> ?PR?PRINTF?PRINTF

?PR?PRINTF?PRINTF                     0021H.3  0001H.1    004AH    001CH
  +--> ?PR?_PUTCHAR?MAIN

?PR?TASK7_LOOP?MAIN                   -----    -----      -----    -----
  +--> ?PR?_DISPLAY_RAW_ADC?MAIN

?PR?_DISPLAY_RAW_ADC?MAIN             -----    -----      -----    -----
  +--> ?PR?_ADC?IIC

?PR?_ADC?IIC                          -----    -----      -----    -----
  +--> ?PR?IIC_WAITACK?IIC
  +--> ?PR?_IIC_SENDBYTE?IIC
  +--> ?PR?IIC_START?IIC
  +--> ?PR?IIC_RECBYTE?IIC
  +--> ?PR?IIC_STOP?IIC

?PR?IIC_RECBYTE?IIC                   -----    -----      -----    -----
  +--> ?PR?_IIC_DELAY?IIC

?PR?TASK9_LOOP?MAIN                   -----    -----      -----    -----
  +--> ?PR?_DISPLAY_24C02?MAIN

?PR?_DISPLAY_24C02?MAIN               -----    -----      -----    -----
  +--> ?PR?_READ_24C02?IIC

?PR?_READ_24C02?IIC                   -----    -----      -----    -----
  +--> ?PR?IIC_START?IIC
  +--> ?PR?_IIC_SENDBYTE?IIC
  +--> ?PR?IIC_WAITACK?IIC
  +--> ?PR?IIC_RECBYTE?IIC
  +--> ?PR?IIC_STOP?IIC

?PR?TASK_CONTROL_CENTER?MAIN          -----    -----      -----    -----
  +--> ?PR?READ_KEY?MAIN

?PR?READ_KEY?MAIN                     0021H.3  0000H.1    -----    -----
  +--> ?PR?KEY_TASK?MAIN


BL51 BANKED LINKER/LOCATER V6.22                                                      02/23/2023  05:55:50  PAGE 6



SYMBOL TABLE OF MODULE:  .\Objects\test (DS1302)

  VALUE           TYPE          NAME
  ----------------------------------

  -------         MODULE        DS1302
  C:0000H         SYMBOL        _ICE_DUMMY_
  D:0090H         PUBLIC        P1
  D:00A0H         PUBLIC        P2
  D:00B0H         PUBLIC        P3
  D:00A8H         PUBLIC        IE
  D:00B8H         PUBLIC        IP
  D:0098H         PUBLIC        SCON
  D:0088H         PUBLIC        TCON
  C:13FBH         PUBLIC        _Read_Ds1302_Byte
  B:00A0H.3       PUBLIC        SDA
  B:0090H.7       PUBLIC        SCK
  C:16CAH         PUBLIC        _Write_Ds1302_Byte
  D:00C8H         PUBLIC        T2CON
  C:171AH         PUBLIC        _Write_Ds1302
  B:0090H.3       PUBLIC        RST
  D:00D0H         PUBLIC        PSW
  -------         PROC          _WRITE_DS1302
  D:0007H         SYMBOL        temp
  -------         DO            
  D:0006H         SYMBOL        i
  -------         ENDDO         
  C:171AH         LINE#         12
  C:171AH         LINE#         13
  C:171AH         LINE#         15
  C:171CH         LINE#         16
  C:171CH         LINE#         17
  C:171EH         LINE#         18
  C:1722H         LINE#         19
  C:1726H         LINE#         20
  C:1728H         LINE#         21
  C:172CH         LINE#         22
  -------         ENDPROC       _WRITE_DS1302
  -------         PROC          _WRITE_DS1302_BYTE
  D:0007H         SYMBOL        address
  D:0005H         SYMBOL        dat
  C:16CAH         LINE#         25
  C:16CAH         LINE#         26
  C:16CAH         LINE#         27
  C:16CDH         LINE#         28
  C:16D0H         LINE#         29
  C:16D3H         LINE#         30
  C:16D6H         LINE#         31
  C:16DBH         LINE#         32
  C:16DDH         LINE#         33
  -------         ENDPROC       _WRITE_DS1302_BYTE
  -------         PROC          _READ_DS1302_BYTE
  D:0007H         SYMBOL        address
  -------         DO            
  D:0007H         SYMBOL        i
  D:0005H         SYMBOL        temp
BL51 BANKED LINKER/LOCATER V6.22                                                      02/23/2023  05:55:50  PAGE 7


  -------         ENDDO         
  C:13FBH         LINE#         35
  C:13FBH         LINE#         36
  C:13FBH         LINE#         37
  C:13FDH         LINE#         38
  C:1400H         LINE#         39
  C:1403H         LINE#         40
  C:1406H         LINE#         41
  C:1409H         LINE#         42
  C:140BH         LINE#         43
  C:140BH         LINE#         44
  C:140DH         LINE#         45
  C:1411H         LINE#         46
  C:1414H         LINE#         47
  C:1417H         LINE#         48
  C:1419H         LINE#         49
  C:141DH         LINE#         50
  C:1420H         LINE#         51
  C:1423H         LINE#         52
  C:1426H         LINE#         53
  C:1429H         LINE#         54
  C:142CH         LINE#         55
  C:142EH         LINE#         56
  -------         ENDPROC       _READ_DS1302_BYTE
  -------         ENDMOD        DS1302

  -------         MODULE        IIC
  C:0000H         SYMBOL        _ICE_DUMMY_
  D:0090H         PUBLIC        P1
  D:00A0H         PUBLIC        P2
  D:00B0H         PUBLIC        P3
  D:00A8H         PUBLIC        IE
  D:00B8H         PUBLIC        IP
  C:1774H         PUBLIC        _IIC_Delay
  C:153BH         PUBLIC        _adc
  C:1688H         PUBLIC        _dac
  C:1491H         PUBLIC        _read_24c02
  D:0098H         PUBLIC        SCON
  D:0088H         PUBLIC        TCON
  C:155FH         PUBLIC        _write_24c02
  C:1761H         PUBLIC        IIC_Start
  C:1643H         PUBLIC        IIC_SendAck
  B:00A0H.1       PUBLIC        SDA
  C:14BFH         PUBLIC        _IIC_SendByte
  C:15E5H         PUBLIC        IIC_WaitAck
  C:177EH         PUBLIC        IIC_Stop
  B:00A0H.0       PUBLIC        SCL
  D:00C8H         PUBLIC        T2CON
  C:15BEH         PUBLIC        IIC_RecByte
  D:00D0H         PUBLIC        PSW
  C:1770H         SYMBOL        L?0026
  -------         PROC          L?0025
  -------         ENDPROC       L?0025
  C:1770H         SYMBOL        L?0026
  -------         PROC          _IIC_DELAY
  D:0007H         SYMBOL        i
  C:1774H         LINE#         12
BL51 BANKED LINKER/LOCATER V6.22                                                      02/23/2023  05:55:50  PAGE 8


  C:1774H         LINE#         13
  C:1774H         LINE#         14
  C:1777H         LINE#         15
  C:177DH         LINE#         16
  -------         ENDPROC       _IIC_DELAY
  -------         PROC          IIC_START
  C:1761H         LINE#         19
  C:1761H         LINE#         20
  C:1761H         LINE#         21
  C:1763H         LINE#         22
  C:1763H         LINE#         23
  C:1766H         LINE#         24
  C:1768H         LINE#         25
  C:176DH         LINE#         26
  C:176FH         LINE#         27
  -------         ENDPROC       IIC_START
  -------         PROC          IIC_STOP
  C:177EH         LINE#         30
  C:177EH         LINE#         31
  C:177EH         LINE#         32
  C:1780H         LINE#         33
  C:1780H         LINE#         34
  C:1783H         LINE#         35
  C:1785H         LINE#         36
  -------         ENDPROC       IIC_STOP
  -------         PROC          IIC_SENDACK
  B:0022H.4       SYMBOL        ackbit
  C:1643H         LINE#         40
  C:1643H         LINE#         41
  C:1643H         LINE#         42
  C:1645H         LINE#         43
  C:1649H         LINE#         44
  C:164EH         LINE#         45
  C:164EH         LINE#         46
  C:1651H         LINE#         47
  C:1653H         LINE#         48
  C:1655H         LINE#         49
  -------         ENDPROC       IIC_SENDACK
  -------         PROC          L?0024
  -------         ENDPROC       L?0024
  -------         PROC          IIC_WAITACK
  -------         DO            
  B:0021H.3       SYMBOL        ackbit
  -------         ENDDO         
  C:15E5H         LINE#         53
  C:15E5H         LINE#         54
  C:15E5H         LINE#         57
  C:15E5H         LINE#         58
  C:15E8H         LINE#         59
  C:15ECH         LINE#         60
  C:15EEH         LINE#         61
  C:15F3H         LINE#         62
  C:15F5H         LINE#         63
  -------         ENDPROC       IIC_WAITACK
  -------         PROC          _IIC_SENDBYTE
  D:0005H         SYMBOL        byt
  -------         DO            
BL51 BANKED LINKER/LOCATER V6.22                                                      02/23/2023  05:55:50  PAGE 9


  D:0004H         SYMBOL        i
  -------         ENDDO         
  C:14BFH         LINE#         66
  C:14C1H         LINE#         67
  C:14C1H         LINE#         70
  C:14C3H         LINE#         71
  C:14C3H         LINE#         72
  C:14C5H         LINE#         73
  C:14CAH         LINE#         74
  C:14D2H         LINE#         75
  C:14D4H         LINE#         76
  C:14D9H         LINE#         77
  C:14DBH         LINE#         78
  C:14DFH         LINE#         79
  C:14E4H         LINE#         80
  C:14E8H         LINE#         81
  C:14EAH         LINE#         82
  -------         ENDPROC       _IIC_SENDBYTE
  -------         PROC          IIC_RECBYTE
  -------         DO            
  D:0004H         SYMBOL        i
  D:0005H         SYMBOL        da
  -------         ENDDO         
  C:15BEH         LINE#         85
  C:15BEH         LINE#         86
  C:15BEH         LINE#         88
  C:15C0H         LINE#         89
  C:15C0H         LINE#         90
  C:15C0H         LINE#         91
  C:15C3H         LINE#         92
  C:15C7H         LINE#         93
  C:15CDH         LINE#         94
  C:15CFH         LINE#         95
  C:15D4H         LINE#         96
  C:15D8H         LINE#         97
  C:15DAH         LINE#         98
  -------         ENDPROC       IIC_RECBYTE
  -------         PROC          _WRITE_24C02
  D:0002H         SYMBOL        addr
  D:0003H         SYMBOL        dat
  C:155FH         LINE#         100
  C:1563H         LINE#         101
  C:1563H         LINE#         102
  C:1566H         LINE#         103
  C:156BH         LINE#         104
  C:156EH         LINE#         105
  C:1573H         LINE#         106
  C:1576H         LINE#         107
  C:157BH         LINE#         108
  C:157EH         LINE#         109
  -------         ENDPROC       _WRITE_24C02
  -------         PROC          _READ_24C02
  D:0003H         SYMBOL        addr
  -------         DO            
  D:0005H         SYMBOL        temp
  -------         ENDDO         
  C:1491H         LINE#         112
BL51 BANKED LINKER/LOCATER V6.22                                                      02/23/2023  05:55:50  PAGE 10


  C:1493H         LINE#         113
  C:1493H         LINE#         115
  C:1496H         LINE#         116
  C:149BH         LINE#         117
  C:149EH         LINE#         118
  C:14A3H         LINE#         119
  C:14A6H         LINE#         121
  C:14A9H         LINE#         122
  C:14AEH         LINE#         123
  C:14B1H         LINE#         124
  C:14B6H         LINE#         125
  C:14B9H         LINE#         126
  C:14BCH         LINE#         127
  C:14BEH         LINE#         128
  -------         ENDPROC       _READ_24C02
  -------         PROC          _DAC
  D:0003H         SYMBOL        dat
  C:1688H         LINE#         130
  C:1688H         LINE#         131
  C:1688H         LINE#         132
  C:1688H         LINE#         133
  C:1688H         LINE#         134
  C:168BH         LINE#         135
  C:1690H         LINE#         136
  C:1693H         LINE#         137
  C:1698H         LINE#         138
  C:169BH         LINE#         139
  -------         ENDPROC       _DAC
  -------         PROC          _ADC
  D:0003H         SYMBOL        addr
  -------         DO            
  D:0005H         SYMBOL        temp
  -------         ENDDO         
  C:153BH         LINE#         142
  C:153BH         LINE#         143
  C:153BH         LINE#         145
  C:153BH         LINE#         146
  C:153BH         LINE#         147
  C:153EH         LINE#         148
  C:1543H         LINE#         149
  C:1546H         LINE#         151
  C:1549H         LINE#         152
  C:154EH         LINE#         153
  C:1551H         LINE#         154
  C:1556H         LINE#         155
  C:1559H         LINE#         156
  C:155CH         LINE#         157
  C:155EH         LINE#         158
  -------         ENDPROC       _ADC
  -------         ENDMOD        IIC

  -------         MODULE        MAIN
  C:0000H         SYMBOL        _ICE_DUMMY_
  B:0020H.0       PUBLIC        RELAY
  C:17B7H         PUBLIC        task3_init
  D:0080H         PUBLIC        P0
  C:17A6H         PUBLIC        task4_init
BL51 BANKED LINKER/LOCATER V6.22                                                      02/23/2023  05:55:50  PAGE 11


  D:0090H         PUBLIC        P1
  C:162AH         PUBLIC        task_control_center
  D:00A0H         PUBLIC        P2
  C:17BDH         PUBLIC        task6_init
  D:00B0H         PUBLIC        P3
  C:16DEH         PUBLIC        task1_loop
  D:00C0H         PUBLIC        P4
  C:16F2H         PUBLIC        task2_loop
  D:00C8H         PUBLIC        P5
  C:178AH         PUBLIC        task9_init
  C:1671H         PUBLIC        task3_loop
  B:00A8H.7       PUBLIC        EA
  D:00E8H         PUBLIC        P6
  C:17BAH         PUBLIC        task4_loop
  B:0020H.1       PUBLIC        LED1
  D:00F8H         PUBLIC        P7
  C:1706H         PUBLIC        task5_loop
  C:1794H         PUBLIC        Delay4ms
  C:142FH         PUBLIC        _display_24c02
  B:0020H.2       PUBLIC        LED2
  C:1047H         PUBLIC        task6_loop
  B:0020H.3       PUBLIC        LED3
  C:169EH         PUBLIC        task7_loop
  B:0020H.4       PUBLIC        LED4
  C:0D33H         PUBLIC        task8_loop
  B:0020H.5       PUBLIC        LED5
  D:002AH         PUBLIC        TASK_RUN
  C:16B4H         PUBLIC        task9_loop
  B:0020H.6       PUBLIC        LED6
  B:0020H.7       PUBLIC        LED7
  B:0021H.0       PUBLIC        LED8
  D:00A8H         PUBLIC        IE
  C:11E2H         PUBLIC        display_temp
  C:13F3H         PUBLIC        T_COM
  D:00B8H         PUBLIC        IP
  C:0C17H         PUBLIC        server
  B:0098H.1       PUBLIC        TI
  C:0E49H         PUBLIC        display_frequence
  C:173FH         PUBLIC        CejuInit
  C:1462H         PUBLIC        Frequence
  D:00D8H         PUBLIC        CCON
  C:0FADH         PUBLIC        display_key
  C:0F09H         PUBLIC        main
  C:124BH         PUBLIC        ceju
  C:12EDH         PUBLIC        display_distance
  B:0080H.0       PUBLIC        P00
  C:0003H         PUBLIC        _display_raw_adc
  D:0099H         PUBLIC        SBUF
  B:0090H.0       PUBLIC        P10
  B:0080H.1       PUBLIC        P01
  B:0090H.1       PUBLIC        P11
  B:0080H.2       PUBLIC        P02
  B:0021H.1       PUBLIC        init_flag
  B:00B0H.0       PUBLIC        P30
  B:0080H.3       PUBLIC        P03
  D:0098H         PUBLIC        SCON
  B:00B0H.1       PUBLIC        P31
BL51 BANKED LINKER/LOCATER V6.22                                                      02/23/2023  05:55:50  PAGE 12


  B:0080H.4       PUBLIC        P04
  C:165AH         PUBLIC        UartInit
  D:0089H         PUBLIC        TMOD
  D:0088H         PUBLIC        TCON
  B:00B0H.2       PUBLIC        P32
  B:0080H.5       PUBLIC        P05
  B:00C0H.2       PUBLIC        P42
  B:00B0H.3       PUBLIC        P33
  B:0080H.6       PUBLIC        P06
  B:00B0H.4       PUBLIC        P34
  B:0080H.7       PUBLIC        P07
  B:00C0H.4       PUBLIC        P44
  B:00B0H.5       PUBLIC        P35
  C:1750H         PUBLIC        FrequenceInit
  D:002BH         PUBLIC        fre
  D:00AFH         PUBLIC        IE2
  D:008EH         PUBLIC        AUXR
  C:1581H         PUBLIC        _smg
  C:0AFBH         PUBLIC        read_key
  B:0088H.5       PUBLIC        TF0
  B:00A8H.3       PUBLIC        ET1
  D:002DH         PUBLIC        key_value
  D:008CH         PUBLIC        TH0
  C:172DH         PUBLIC        Timer2Init
  D:008DH         PUBLIC        TH1
  D:00D6H         PUBLIC        T2H
  C:13C8H         PUBLIC        t_display
  D:008AH         PUBLIC        TL0
  D:008BH         PUBLIC        TL1
  C:1169H         PUBLIC        _display_voltage
  D:00D7H         PUBLIC        T2L
  D:002EH         PUBLIC        tempreture
  B:0088H.4       PUBLIC        TR0
  B:0088H.6       PUBLIC        TR1
  C:0062H         PUBLIC        key_task
  C:137BH         PUBLIC        BASIC
  B:0021H.2       PUBLIC        BUZZER
  D:0030H         PUBLIC        SMG
  D:0038H         PUBLIC        task1_tick
  D:003AH         PUBLIC        task2_tick
  D:003CH         PUBLIC        task3_tick
  D:003EH         PUBLIC        task4_tick
  D:0040H         PUBLIC        task5_tick
  C:14EBH         PUBLIC        _config_ds1302
  D:0042H         PUBLIC        task6_tick
  C:1335H         PUBLIC        display_ds1302
  D:0044H         PUBLIC        task7_tick
  D:00D0H         PUBLIC        PSW
  D:0046H         PUBLIC        task8_tick
  C:17AFH         PUBLIC        _putchar
  D:0048H         PUBLIC        task9_tick
  C:179DH         PUBLIC        task1_init
  -------         PROC          BASIC
  C:137BH         LINE#         34
  C:137BH         LINE#         35
  C:137BH         LINE#         36
  C:1381H         LINE#         37
BL51 BANKED LINKER/LOCATER V6.22                                                      02/23/2023  05:55:50  PAGE 13


  C:13A9H         LINE#         38
  C:13ACH         LINE#         40
  C:13B1H         LINE#         41
  C:13B9H         LINE#         42
  C:13BBH         LINE#         43
  -------         ENDPROC       BASIC
  -------         PROC          _SMG
  D:0007H         SYMBOL        wei
  D:0005H         SYMBOL        duan
  C:1581H         LINE#         49
  C:1581H         LINE#         50
  C:1581H         LINE#         51
  C:1584H         LINE#         52
  C:1591H         LINE#         53
  C:159FH         LINE#         54
  -------         ENDPROC       _SMG
  -------         PROC          TIMER2INIT
  C:172DH         LINE#         61
  C:172DH         LINE#         62
  C:172DH         LINE#         63
  C:1730H         LINE#         64
  C:1733H         LINE#         65
  C:1736H         LINE#         66
  C:1739H         LINE#         67
  C:173CH         LINE#         68
  C:173EH         LINE#         69
  -------         ENDPROC       TIMER2INIT
  -------         PROC          UARTINIT
  C:165AH         LINE#         77
  C:165AH         LINE#         78
  C:165AH         LINE#         79
  C:165DH         LINE#         80
  C:1660H         LINE#         81
  C:1663H         LINE#         82
  C:1666H         LINE#         83
  C:1669H         LINE#         84
  C:166CH         LINE#         85
  C:166EH         LINE#         86
  C:1670H         LINE#         87
  -------         ENDPROC       UARTINIT
  -------         PROC          _PUTCHAR
  D:0007H         SYMBOL        c
  C:17AFH         LINE#         90
  C:17AFH         LINE#         91
  C:17AFH         LINE#         92
  C:17B1H         LINE#         93
  C:17B4H         LINE#         94
  C:17B6H         LINE#         95
  C:17B6H         LINE#         96
  -------         ENDPROC       _PUTCHAR
  -------         PROC          _CONFIG_DS1302
  D:004AH         SYMBOL        shi
  D:004BH         SYMBOL        fen
  D:004CH         SYMBOL        miao
  C:14EBH         LINE#         102
  C:14F1H         LINE#         103
  C:14F1H         LINE#         104
BL51 BANKED LINKER/LOCATER V6.22                                                      02/23/2023  05:55:50  PAGE 14


  C:14F8H         LINE#         105
  C:14FFH         LINE#         106
  C:1506H         LINE#         107
  C:150DH         LINE#         108
  -------         ENDPROC       _CONFIG_DS1302
  -------         PROC          DISPLAY_DS1302
  C:1335H         LINE#         112
  C:1335H         LINE#         113
  C:1335H         LINE#         114
  C:1340H         LINE#         115
  C:134AH         LINE#         116
  C:134DH         LINE#         117
  C:1358H         LINE#         118
  C:1362H         LINE#         119
  C:1365H         LINE#         120
  C:1370H         LINE#         121
  C:137AH         LINE#         122
  -------         ENDPROC       DISPLAY_DS1302
  -------         PROC          DISPLAY_TEMP
  C:11E2H         LINE#         129
  C:11E2H         LINE#         130
  C:11E2H         LINE#         131
  C:11F6H         LINE#         132
  C:11F9H         LINE#         133
  C:11FCH         LINE#         134
  C:11FFH         LINE#         135
  C:1202H         LINE#         136
  C:1212H         LINE#         137
  C:1229H         LINE#         138
  C:123DH         LINE#         139
  C:124AH         LINE#         140
  -------         ENDPROC       DISPLAY_TEMP
  -------         PROC          _DISPLAY_RAW_ADC
  D:0007H         SYMBOL        addr
  -------         DO            
  D:0002H         SYMBOL        vol
  -------         ENDDO         
  C:0003H         LINE#         145
  C:0003H         LINE#         146
  C:0003H         LINE#         148
  C:0008H         LINE#         149
  C:000BH         LINE#         150
  C:000EH         LINE#         151
  C:0011H         LINE#         152
  C:0014H         LINE#         153
  C:0026H         LINE#         154
  C:003AH         LINE#         155
  C:004EH         LINE#         156
  C:005BH         LINE#         157
  -------         ENDPROC       _DISPLAY_RAW_ADC
  -------         PROC          _DISPLAY_VOLTAGE
  D:0007H         SYMBOL        addr
  -------         DO            
  D:0002H         SYMBOL        vol
  -------         ENDDO         
  C:1169H         LINE#         160
  C:1169H         LINE#         161
BL51 BANKED LINKER/LOCATER V6.22                                                      02/23/2023  05:55:50  PAGE 15


  C:1169H         LINE#         163
  C:118DH         LINE#         164
  C:1190H         LINE#         165
  C:1193H         LINE#         166
  C:1196H         LINE#         167
  C:1199H         LINE#         168
  C:11A9H         LINE#         169
  C:11C0H         LINE#         170
  C:11D4H         LINE#         171
  C:11E1H         LINE#         172
  -------         ENDPROC       _DISPLAY_VOLTAGE
  -------         PROC          _DISPLAY_24C02
  D:0007H         SYMBOL        addr
  -------         DO            
  D:0007H         SYMBOL        memory
  -------         ENDDO         
  C:142FH         LINE#         176
  C:142FH         LINE#         177
  C:142FH         LINE#         179
  C:1432H         LINE#         180
  C:1435H         LINE#         181
  C:1438H         LINE#         182
  C:143BH         LINE#         183
  C:143EH         LINE#         184
  C:1441H         LINE#         185
  C:144DH         LINE#         186
  C:1459H         LINE#         187
  C:1461H         LINE#         188
  -------         ENDPROC       _DISPLAY_24C02
  -------         PROC          DELAY4MS
  -------         DO            
  D:0007H         SYMBOL        i
  D:0006H         SYMBOL        j
  -------         ENDDO         
  C:1794H         LINE#         192
  C:1794H         LINE#         193
  C:1794H         LINE#         196
  C:1796H         LINE#         197
  C:1798H         LINE#         199
  C:1798H         LINE#         200
  C:179AH         LINE#         201
  C:179CH         LINE#         202
  -------         ENDPROC       DELAY4MS
  -------         PROC          CEJUINIT
  C:173FH         LINE#         209
  C:173FH         LINE#         210
  C:173FH         LINE#         211
  C:1742H         LINE#         212
  C:1745H         LINE#         213
  C:1748H         LINE#         214
  C:174BH         LINE#         215
  C:174DH         LINE#         216
  C:174FH         LINE#         217
  -------         ENDPROC       CEJUINIT
  -------         PROC          CEJU
  -------         DO            
  D:0005H         SYMBOL        times
BL51 BANKED LINKER/LOCATER V6.22                                                      02/23/2023  05:55:50  PAGE 16


  D:0006H         SYMBOL        juli
  -------         ENDDO         
  C:124BH         LINE#         221
  C:124BH         LINE#         222
  C:124BH         LINE#         223
  C:124DH         LINE#         225
  C:1250H         LINE#         226
  C:1252H         LINE#         227
  C:1258H         LINE#         228
  C:1258H         LINE#         229
  C:125BH         LINE#         230
  C:125DH         LINE#         231
  C:125FH         LINE#         232
  C:1261H         LINE#         233
  C:126AH         LINE#         234
  C:1270H         LINE#         235
  C:1273H         LINE#         236
  C:1273H         LINE#         237
  C:1277H         LINE#         238
  C:1279H         LINE#         240
  C:1279H         LINE#         241
  C:1299H         LINE#         242
  C:1299H         LINE#         243
  C:129BH         LINE#         244
  C:129BH         LINE#         245
  -------         ENDPROC       CEJU
  -------         PROC          DISPLAY_DISTANCE
  -------         DO            
  D:0002H         SYMBOL        distance
  -------         ENDDO         
  C:12EDH         LINE#         248
  C:12EDH         LINE#         249
  C:12EDH         LINE#         251
  C:12F4H         LINE#         252
  C:12F7H         LINE#         253
  C:12FAH         LINE#         254
  C:12FDH         LINE#         255
  C:1300H         LINE#         256
  C:1303H         LINE#         257
  C:1313H         LINE#         258
  C:1327H         LINE#         259
  C:1334H         LINE#         260
  -------         ENDPROC       DISPLAY_DISTANCE
  -------         PROC          KEY_TASK
  C:0062H         LINE#         262
  C:0062H         LINE#         263
  C:0062H         LINE#         265
  -------         ENDPROC       KEY_TASK
  -------         PROC          READ_KEY
  -------         DO            
  B:0021H.3       SYMBOL        trig
  D:0007H         SYMBOL        key_val
  -------         ENDDO         
  C:0AFBH         LINE#         269
  C:0AFBH         LINE#         270
  C:0AFBH         LINE#         271
  C:0AFDH         LINE#         273
BL51 BANKED LINKER/LOCATER V6.22                                                      02/23/2023  05:55:50  PAGE 17


  C:0AFFH         LINE#         274
  C:0B07H         LINE#         275
  C:0B16H         LINE#         276
  C:0B25H         LINE#         277
  C:0B34H         LINE#         278
  C:0B43H         LINE#         279
  C:0B4BH         LINE#         280
  C:0B5AH         LINE#         281
  C:0B69H         LINE#         282
  C:0B78H         LINE#         283
  C:0B87H         LINE#         284
  C:0B8FH         LINE#         285
  C:0B9EH         LINE#         286
  C:0BADH         LINE#         287
  C:0BBCH         LINE#         288
  C:0BCBH         LINE#         289
  C:0BD3H         LINE#         290
  C:0BE2H         LINE#         291
  C:0BF1H         LINE#         292
  C:0C00H         LINE#         293
  C:0C0FH         LINE#         295
  C:0C14H         LINE#         296
  C:0C16H         LINE#         297
  -------         ENDPROC       READ_KEY
  -------         PROC          DISPLAY_KEY
  -------         DO            
  D:0023H         SYMBOL        num_tick
  D:0002H         SYMBOL        dis_num
  -------         ENDDO         
  C:0FADH         LINE#         300
  C:0FADH         LINE#         301
  C:0FADH         LINE#         305
  C:0FB3H         LINE#         306
  C:0FB3H         LINE#         307
  C:0FB8H         LINE#         308
  C:0FB8H         LINE#         309
  C:0FC0H         LINE#         310
  C:0FD1H         LINE#         311
  C:0FD3H         LINE#         312
  C:0FD8H         LINE#         313
  C:0FD8H         LINE#         314
  C:0FE0H         LINE#         315
  C:0FF2H         LINE#         316
  C:0FF4H         LINE#         318
  C:0FF4H         LINE#         319
  C:0FF8H         LINE#         320
  C:0FF8H         LINE#         321
  C:0FF8H         LINE#         323
  C:100CH         LINE#         324
  C:1019H         LINE#         325
  C:101CH         LINE#         326
  C:101FH         LINE#         327
  C:1022H         LINE#         328
  C:1025H         LINE#         329
  C:1039H         LINE#         330
  C:1046H         LINE#         331
  -------         ENDPROC       DISPLAY_KEY
BL51 BANKED LINKER/LOCATER V6.22                                                      02/23/2023  05:55:50  PAGE 18


  -------         PROC          FREQUENCEINIT
  C:1750H         LINE#         337
  C:1750H         LINE#         338
  C:1750H         LINE#         339
  C:1753H         LINE#         340
  C:1756H         LINE#         341
  C:1759H         LINE#         342
  C:175CH         LINE#         343
  C:175EH         LINE#         344
  C:1760H         LINE#         345
  -------         ENDPROC       FREQUENCEINIT
  -------         PROC          FREQUENCE
  -------         DO            
  D:0025H         SYMBOL        tick_500ms
  -------         ENDDO         
  C:1462H         LINE#         349
  C:1462H         LINE#         350
  C:1462H         LINE#         352
  C:146AH         LINE#         353
  C:1472H         LINE#         354
  C:1472H         LINE#         355
  C:1474H         LINE#         356
  C:1479H         LINE#         357
  C:1489H         LINE#         358
  C:1490H         LINE#         359
  C:1490H         LINE#         360
  -------         ENDPROC       FREQUENCE
  -------         PROC          DISPLAY_FREQUENCE
  C:0E49H         LINE#         363
  C:0E49H         LINE#         364
  C:0E49H         LINE#         365
  C:0E4CH         LINE#         366
  C:0E4FH         LINE#         367
  C:0E52H         LINE#         368
  C:0E78H         LINE#         369
  C:0E9EH         LINE#         370
  C:0EC4H         LINE#         371
  C:0EEAH         LINE#         372
  C:0F08H         LINE#         373
  -------         ENDPROC       DISPLAY_FREQUENCE
  -------         PROC          TASK1_INIT
  C:179DH         LINE#         379
  C:179DH         LINE#         380
  C:179DH         LINE#         382
  -------         ENDPROC       TASK1_INIT
  -------         PROC          TASK1_LOOP
  C:16DEH         LINE#         386
  C:16DEH         LINE#         387
  C:16DEH         LINE#         388
  C:16E9H         LINE#         389
  C:16E9H         LINE#         390
  C:16EEH         LINE#         391
  C:16F1H         LINE#         392
  C:16F1H         LINE#         393
  -------         ENDPROC       TASK1_LOOP
  -------         PROC          TASK2_LOOP
  C:16F2H         LINE#         396
BL51 BANKED LINKER/LOCATER V6.22                                                      02/23/2023  05:55:50  PAGE 19


  C:16F2H         LINE#         397
  C:16F2H         LINE#         398
  C:16FDH         LINE#         399
  C:16FDH         LINE#         400
  C:1702H         LINE#         401
  C:1705H         LINE#         402
  C:1705H         LINE#         403
  -------         ENDPROC       TASK2_LOOP
  -------         PROC          TASK3_INIT
  C:17B7H         LINE#         406
  C:17B7H         LINE#         407
  C:17B7H         LINE#         408
  -------         ENDPROC       TASK3_INIT
  -------         PROC          TASK3_LOOP
  C:1671H         LINE#         412
  C:1671H         LINE#         413
  C:1671H         LINE#         414
  C:1674H         LINE#         415
  C:167FH         LINE#         416
  C:167FH         LINE#         417
  C:1684H         LINE#         418
  C:1687H         LINE#         419
  C:1687H         LINE#         420
  -------         ENDPROC       TASK3_LOOP
  -------         PROC          TASK4_INIT
  C:17A6H         LINE#         423
  C:17A6H         LINE#         424
  C:17A6H         LINE#         426
  C:17AEH         LINE#         427
  -------         ENDPROC       TASK4_INIT
  -------         PROC          TASK4_LOOP
  C:17BAH         LINE#         430
  C:17BAH         LINE#         431
  C:17BAH         LINE#         432
  -------         ENDPROC       TASK4_LOOP
  -------         PROC          TASK5_LOOP
  C:1706H         LINE#         438
  C:1706H         LINE#         439
  C:1706H         LINE#         440
  C:1711H         LINE#         441
  C:1711H         LINE#         442
  C:1716H         LINE#         443
  C:1719H         LINE#         444
  C:1719H         LINE#         445
  -------         ENDPROC       TASK5_LOOP
  -------         PROC          TASK6_INIT
  C:17BDH         LINE#         448
  C:17BDH         LINE#         449
  C:17BDH         LINE#         450
  -------         ENDPROC       TASK6_INIT
  -------         PROC          TASK6_LOOP
  C:1047H         LINE#         454
  C:1047H         LINE#         455
  C:1047H         LINE#         456
  C:1055H         LINE#         457
  C:1055H         LINE#         458
  C:105AH         LINE#         459
BL51 BANKED LINKER/LOCATER V6.22                                                      02/23/2023  05:55:50  PAGE 20


  C:105DH         LINE#         460
  C:1060H         LINE#         461
  C:1063H         LINE#         462
  C:1066H         LINE#         463
  C:1069H         LINE#         464
  C:106CH         LINE#         465
  C:106FH         LINE#         466
  C:1072H         LINE#         467
  C:1086H         LINE#         468
  C:10DCH         LINE#         469
  C:10DCH         LINE#         470
  -------         ENDPROC       TASK6_LOOP
  -------         PROC          TASK7_LOOP
  C:169EH         LINE#         474
  C:169EH         LINE#         475
  C:169EH         LINE#         476
  C:16A9H         LINE#         477
  C:16A9H         LINE#         478
  C:16AEH         LINE#         479
  C:16B3H         LINE#         480
  C:16B3H         LINE#         481
  -------         ENDPROC       TASK7_LOOP
  -------         PROC          TASK8_LOOP
  -------         DO            
  D:0027H         SYMBOL        count_8
  -------         ENDDO         
  C:0D33H         LINE#         484
  C:0D33H         LINE#         485
  C:0D33H         LINE#         488
  C:0D41H         LINE#         489
  C:0D41H         LINE#         490
  C:0D46H         LINE#         491
  C:0D5EH         LINE#         492
  C:0D78H         LINE#         493
  C:0D92H         LINE#         494
  C:0DACH         LINE#         495
  C:0DC6H         LINE#         496
  C:0DE0H         LINE#         497
  C:0DFAH         LINE#         498
  C:0E14H         LINE#         499
  C:0E17H         LINE#         500
  C:0E1AH         LINE#         501
  C:0E1DH         LINE#         502
  C:0E20H         LINE#         503
  C:0E23H         LINE#         504
  C:0E26H         LINE#         505
  C:0E29H         LINE#         506
  C:0E36H         LINE#         507
  C:0E48H         LINE#         508
  C:0E48H         LINE#         509
  -------         ENDPROC       TASK8_LOOP
  -------         PROC          TASK9_INIT
  C:178AH         LINE#         513
  C:178AH         LINE#         514
  C:178AH         LINE#         515
  C:1791H         LINE#         516
  -------         ENDPROC       TASK9_INIT
BL51 BANKED LINKER/LOCATER V6.22                                                      02/23/2023  05:55:50  PAGE 21


  -------         PROC          TASK9_LOOP
  C:16B4H         LINE#         520
  C:16B4H         LINE#         521
  C:16B4H         LINE#         522
  C:16BFH         LINE#         523
  C:16BFH         LINE#         524
  C:16C4H         LINE#         525
  C:16C9H         LINE#         526
  C:16C9H         LINE#         527
  -------         ENDPROC       TASK9_LOOP
  -------         PROC          TASK_CONTROL_CENTER
  C:162AH         LINE#         531
  C:162AH         LINE#         532
  C:162AH         LINE#         533
  C:162DH         LINE#         534
  C:1632H         LINE#         535
  C:1632H         LINE#         536
  C:1636H         LINE#         537
  C:1636H         LINE#         538
  C:1642H         LINE#         539
  -------         ENDPROC       TASK_CONTROL_CENTER
  -------         PROC          MAIN
  C:0F09H         LINE#         543
  C:0F09H         LINE#         544
  C:0F09H         LINE#         546
  C:0F12H         LINE#         547
  C:0F19H         LINE#         550
  C:0F1CH         LINE#         553
  C:0F1CH         LINE#         554
  C:0F1CH         LINE#         556
  C:0F1FH         LINE#         557
  C:0F1FH         LINE#         559
  C:0F25H         LINE#         560
  C:0F25H         LINE#         561
  C:0F27H         LINE#         562
  C:0F27H         LINE#         564
  C:0F2DH         LINE#         565
  C:0F2DH         LINE#         566
  C:0F36H         LINE#         567
  C:0F3DH         LINE#         568
  C:0F3DH         LINE#         570
  C:0F45H         LINE#         572
  C:0F4DH         LINE#         574
  C:0F55H         LINE#         576
  C:0F5DH         LINE#         578
  C:0F65H         LINE#         579
  C:0F67H         LINE#         580
  C:0F67H         LINE#         583
  C:0F6FH         LINE#         585
  C:0F77H         LINE#         590
  C:0F7FH         LINE#         592
  C:0F87H         LINE#         594
  C:0F8FH         LINE#         596
  C:0F97H         LINE#         598
  C:0F9FH         LINE#         600
  C:0FA7H         LINE#         602
  C:0FAAH         LINE#         603
BL51 BANKED LINKER/LOCATER V6.22                                                      02/23/2023  05:55:50  PAGE 22


  -------         ENDPROC       MAIN
  -------         PROC          SERVER
  -------         DO            
  D:0029H         SYMBOL        tick_8ms
  -------         ENDDO         
  C:0C17H         LINE#         607
  C:0C2EH         LINE#         611
  C:0C38H         LINE#         612
  C:0C44H         LINE#         613
  C:0C47H         LINE#         616
  C:0C5EH         LINE#         618
  C:0C75H         LINE#         620
  C:0C8CH         LINE#         622
  C:0CA3H         LINE#         624
  C:0CBAH         LINE#         626
  C:0CD1H         LINE#         628
  C:0CE8H         LINE#         630
  C:0CFFH         LINE#         632
  C:0D16H         LINE#         635
  C:0D1EH         LINE#         636
  -------         ENDPROC       SERVER
  -------         ENDMOD        MAIN

  -------         MODULE        ONEWIRE
  C:0000H         SYMBOL        _ICE_DUMMY_
  D:0090H         PUBLIC        P1
  D:00B0H         PUBLIC        P3
  C:1610H         PUBLIC        Read_DS18B20
  D:00A8H         PUBLIC        IE
  C:15FAH         PUBLIC        _Delay_OneWire
  C:15A0H         PUBLIC        _Write_DS18B20
  B:0090H.4       PUBLIC        DQ
  D:00B8H         PUBLIC        IP
  C:1514H         PUBLIC        init_ds18b20
  D:0098H         PUBLIC        SCON
  D:0088H         PUBLIC        TCON
  C:129CH         PUBLIC        read_temp
  D:00C8H         PUBLIC        T2CON
  D:00D0H         PUBLIC        PSW
  C:15F6H         SYMBOL        L?0020
  -------         PROC          L?0019
  -------         ENDPROC       L?0019
  C:15F6H         SYMBOL        L?0020
  -------         PROC          _DELAY_ONEWIRE
  D:0006H         SYMBOL        t
  -------         DO            
  D:0005H         SYMBOL        i
  -------         ENDDO         
  C:15FAH         LINE#         7
  C:15FAH         LINE#         8
  C:15FAH         LINE#         10
  C:1604H         LINE#         11
  C:1604H         LINE#         12
  C:160FH         LINE#         13
  C:160FH         LINE#         14
  -------         ENDPROC       _DELAY_ONEWIRE
  -------         PROC          _WRITE_DS18B20
BL51 BANKED LINKER/LOCATER V6.22                                                      02/23/2023  05:55:50  PAGE 23


  D:0001H         SYMBOL        dat
  -------         DO            
  D:0003H         SYMBOL        i
  -------         ENDDO         
  C:15A0H         LINE#         17
  C:15A2H         LINE#         18
  C:15A2H         LINE#         20
  C:15A4H         LINE#         21
  C:15A4H         LINE#         22
  C:15A6H         LINE#         23
  C:15AAH         LINE#         24
  C:15ADH         LINE#         25
  C:15AFH         LINE#         26
  C:15B3H         LINE#         27
  C:15B7H         LINE#         28
  -------         ENDPROC       _WRITE_DS18B20
  -------         PROC          READ_DS18B20
  -------         DO            
  D:0003H         SYMBOL        i
  D:0004H         SYMBOL        dat
  -------         ENDDO         
  C:1610H         LINE#         32
  C:1610H         LINE#         33
  C:1610H         LINE#         37
  C:1612H         LINE#         38
  C:1612H         LINE#         39
  C:1614H         LINE#         40
  C:1618H         LINE#         41
  C:161AH         LINE#         42
  C:161DH         LINE#         43
  C:161DH         LINE#         44
  C:1620H         LINE#         45
  C:1620H         LINE#         46
  C:1623H         LINE#         47
  C:1627H         LINE#         48
  C:1629H         LINE#         49
  -------         ENDPROC       READ_DS18B20
  -------         PROC          INIT_DS18B20
  -------         DO            
  B:0021H.3       SYMBOL        initflag
  -------         ENDDO         
  C:1514H         LINE#         52
  C:1514H         LINE#         53
  C:1514H         LINE#         54
  C:1516H         LINE#         56
  C:1518H         LINE#         57
  C:151FH         LINE#         58
  C:1521H         LINE#         59
  C:1528H         LINE#         60
  C:152AH         LINE#         61
  C:1531H         LINE#         62
  C:1535H         LINE#         63
  C:1538H         LINE#         65
  C:153AH         LINE#         66
  -------         ENDPROC       INIT_DS18B20
  -------         PROC          READ_TEMP
  -------         DO            
BL51 BANKED LINKER/LOCATER V6.22                                                      02/23/2023  05:55:50  PAGE 24


  D:0001H         SYMBOL        low
  D:0007H         SYMBOL        high
  D:0006H         SYMBOL        temp
  D:0004H         SYMBOL        tem
  -------         ENDDO         
  C:129CH         LINE#         69
  C:129CH         LINE#         70
  C:129CH         LINE#         74
  C:129FH         LINE#         75
  C:12A4H         LINE#         76
  C:12A9H         LINE#         77
  C:12B0H         LINE#         79
  C:12B3H         LINE#         80
  C:12B8H         LINE#         81
  C:12BDH         LINE#         82
  C:12C4H         LINE#         84
  C:12C9H         LINE#         85
  C:12CCH         LINE#         87
  C:12CFH         LINE#         88
  C:12DBH         LINE#         89
  C:12ECH         LINE#         91
  C:12ECH         LINE#         92
  -------         ENDPROC       READ_TEMP
  -------         ENDMOD        ONEWIRE

  -------         MODULE        ?C?FPMUL
  C:0066H         PUBLIC        ?C?FPMUL
  -------         ENDMOD        ?C?FPMUL

  -------         MODULE        ?C?FPDIV
  C:016FH         PUBLIC        ?C?FPDIV
  -------         ENDMOD        ?C?FPDIV

  -------         MODULE        ?C?FCAST
  C:0216H         PUBLIC        ?C?FCASTC
  C:0211H         PUBLIC        ?C?FCASTI
  C:020CH         PUBLIC        ?C?FCASTL
  -------         ENDMOD        ?C?FCAST

  -------         MODULE        ?C?CASTF
  C:024AH         PUBLIC        ?C?CASTF
  -------         ENDMOD        ?C?CASTF

  -------         MODULE        PRINTF
  D:004AH         PUBLIC        ?_PRINTF?BYTE
  D:004AH         PUBLIC        ?_SPRINTF?BYTE
  C:06EEH         PUBLIC        _PRINTF
  C:06E8H         PUBLIC        _SPRINTF
  -------         ENDMOD        PRINTF

  -------         MODULE        ?C?FPROUND
  C:02CBH         PUBLIC        ?C?FPROUND
  -------         ENDMOD        ?C?FPROUND

  -------         MODULE        ?C?FPCONVERT
  C:02FAH         PUBLIC        ?C?FPCONVERT
  -------         ENDMOD        ?C?FPCONVERT
BL51 BANKED LINKER/LOCATER V6.22                                                      02/23/2023  05:55:50  PAGE 25



  -------         MODULE        ?C?FPADD
  C:0404H         PUBLIC        ?C?FPADD
  C:0400H         PUBLIC        ?C?FPSUB
  -------         ENDMOD        ?C?FPADD

  -------         MODULE        ?C?FTNPWR
  C:0525H         PUBLIC        ?C?FTNPWR
  -------         ENDMOD        ?C?FTNPWR

  -------         MODULE        ?C?CLDPTR
  C:0565H         PUBLIC        ?C?CLDPTR
  -------         ENDMOD        ?C?CLDPTR

  -------         MODULE        ?C?CLDOPTR
  C:057EH         PUBLIC        ?C?CLDOPTR
  -------         ENDMOD        ?C?CLDOPTR

  -------         MODULE        ?C?CSTPTR
  C:05ABH         PUBLIC        ?C?CSTPTR
  -------         ENDMOD        ?C?CSTPTR

  -------         MODULE        ?C?UIDIV
  C:05BDH         PUBLIC        ?C?UIDIV
  -------         ENDMOD        ?C?UIDIV

  -------         MODULE        ?C?SIDIV
  C:0612H         PUBLIC        ?C?SIDIV
  -------         ENDMOD        ?C?SIDIV

  -------         MODULE        ?C?LNEG
  C:0648H         PUBLIC        ?C?LNEG
  -------         ENDMOD        ?C?LNEG

  -------         MODULE        ?C?PLDIIDATA
  C:0656H         PUBLIC        ?C?PLDIIDATA
  -------         ENDMOD        ?C?PLDIIDATA

  -------         MODULE        ?C?CCASE
  C:0666H         PUBLIC        ?C?CCASE
  -------         ENDMOD        ?C?CCASE

*** WARNING L16: UNCALLED SEGMENT, IGNORED FOR OVERLAY PROCESS
    SEGMENT: ?PR?IIC_SENDACK?IIC

*** WARNING L16: UNCALLED SEGMENT, IGNORED FOR OVERLAY PROCESS
    SEGMENT: ?PR?_DAC?IIC

*** WARNING L16: UNCALLED SEGMENT, IGNORED FOR OVERLAY PROCESS
    SEGMENT: ?PR?_DISPLAY_VOLTAGE?MAIN

Program Size: data=78.5 xdata=0 code=6080
LINK/LOCATE RUN COMPLETE.  3 WARNING(S),  0 ERROR(S)
