C51 COMPILER V9.54   IIC                                                                   04/30/2022 17:21:25 PAGE 1   


C51 COMPILER V9.54, COMPILATION OF MODULE IIC
OBJECT MODULE PLACED IN .\Objects\iic.obj
COMPILER INVOKED BY: D:\keil5\C51\BIN\C51.EXE iic.c OPTIMIZE(8,SPEED) BROWSE DEBUG OBJECTEXTEND PRINT(.\Listings\iic.lst
                    -) TABS(2) OBJECT(.\Objects\iic.obj)

line level    source

   1          #include "iic.h"
   2          #include "reg52.h"
   3          #include "intrins.h"
   4          
   5          sbit SDA = P2^1;
   6          sbit SCL = P2^0;
   7          
   8          
   9          #define DELAY_TIME 5
  10          
  11          //I2C总线内部延时函数
  12          void IIC_Delay(unsigned char i)
  13          {
  14   1          do{_nop_();}
  15   1          while(i--);        
  16   1      }
  17          
  18          //I2C总线启动信号
  19          void IIC_Start(void)
  20          {
  21   1          SDA = 1;
  22   1          SCL = 1;
  23   1          IIC_Delay(DELAY_TIME);
  24   1          SDA = 0;
  25   1          IIC_Delay(DELAY_TIME);
  26   1          SCL = 0;  
  27   1      }
  28          
  29          //I2C总线停止信号
  30          void IIC_Stop(void)
  31          {
  32   1          SDA = 0;
  33   1          SCL = 1;
  34   1          IIC_Delay(DELAY_TIME);
  35   1          SDA = 1;
  36   1          IIC_Delay(DELAY_TIME);
  37   1      }
  38          
  39          ////发送应答或非应答信号
  40          //void IIC_SendAck(bit ackbit)
  41          //{
  42          //    SCL = 0;
  43          //    SDA = ackbit;           
  44          //    IIC_Delay(DELAY_TIME);
  45          //    SCL = 1;
  46          //    IIC_Delay(DELAY_TIME);
  47          //    SCL = 0; 
  48          //    SDA = 1;
  49          //    IIC_Delay(DELAY_TIME);
  50          //}
  51          
  52          //等待应答
  53          bit IIC_WaitAck(void)
  54          {
C51 COMPILER V9.54   IIC                                                                   04/30/2022 17:21:25 PAGE 2   

  55   1          bit ackbit;
  56   1        
  57   1          SCL  = 1;
  58   1          IIC_Delay(DELAY_TIME);
  59   1          ackbit = SDA;
  60   1          SCL = 0;
  61   1          IIC_Delay(DELAY_TIME);
  62   1          return ackbit;
  63   1      }
  64          
  65          //I2C总线发送一个字节数据
  66          void IIC_SendByte(unsigned char byt)
  67          {
  68   1          unsigned char i;
  69   1      
  70   1          for(i=0; i<8; i++)
  71   1          {
  72   2              SCL  = 0;
  73   2              IIC_Delay(DELAY_TIME);
  74   2              if(byt & 0x80) SDA  = 1;
  75   2              else SDA  = 0;
  76   2              IIC_Delay(DELAY_TIME);
  77   2              SCL = 1;
  78   2              byt <<= 1;
  79   2              IIC_Delay(DELAY_TIME);
  80   2          }
  81   1          SCL  = 0;  
  82   1      }
  83          
  84          //I2C总线接收一个字节数据
  85          unsigned char IIC_RecByte(void)
  86          {
  87   1          unsigned char i, da;
  88   1          for(i=0; i<8; i++)
  89   1          {   
  90   2            SCL = 1;
  91   2        IIC_Delay(DELAY_TIME);
  92   2        da <<= 1;
  93   2        if(SDA) da |= 1;
  94   2        SCL = 0;
  95   2        IIC_Delay(DELAY_TIME);
  96   2          }
  97   1          return da;    
  98   1      }
  99          
 100          
 101          void write_24c02 (unsigned char addr,unsigned char dat)
 102          {
 103   1      IIC_Start();
 104   1      IIC_SendByte(0XA0);
 105   1      IIC_WaitAck();
 106   1      IIC_SendByte(addr);
 107   1      IIC_WaitAck();
 108   1      IIC_SendByte(dat);  
 109   1      IIC_WaitAck();
 110   1      IIC_Stop();
 111   1      }
 112          
 113          
 114          unsigned char read_24c02(unsigned char addr)
 115          {
 116   1        unsigned char temp;
C51 COMPILER V9.54   IIC                                                                   04/30/2022 17:21:25 PAGE 3   

 117   1        EA=0;
 118   1        IIC_Start();
 119   1        IIC_SendByte(0XA0);
 120   1        IIC_WaitAck();
 121   1        IIC_SendByte(addr);
 122   1        IIC_WaitAck();
 123   1        
 124   1        IIC_Start();
 125   1        IIC_SendByte(0xA1);
 126   1        IIC_WaitAck();
 127   1        temp=IIC_RecByte();
 128   1        IIC_WaitAck();
 129   1        IIC_Stop();
 130   1        EA=1;
 131   1        return temp;
 132   1      } 
 133            


MODULE INFORMATION:   STATIC OVERLAYABLE
   CODE SIZE        =    205    ----
   CONSTANT SIZE    =   ----    ----
   XDATA SIZE       =   ----    ----
   PDATA SIZE       =   ----    ----
   DATA SIZE        =   ----    ----
   IDATA SIZE       =   ----    ----
   BIT SIZE         =   ----       1
END OF MODULE INFORMATION.


C51 COMPILATION COMPLETE.  0 WARNING(S),  0 ERROR(S)
